// Jest Snapshot v1, https://goo.gl/fbAQLP

exports[`<Counter/> rendering follows snapshots 1`] = `
<section
  className="counter"
>
  <a
    className="up clicker"
    href="/#"
    onClick={[Function]}
  >
    +
  </a>
  <span
    className="count "
  >
    0
  </span>
  <a
    className="down clicker"
    href="/#"
    onClick={[Function]}
  >
    -
  </a>
</section>
`;
